[OVAL]Exception:No physical Read-Only connection for "CORAL-Oracle-sftnight/replica0" is available. ( CORAL : "ReplicaCatalogue::replicasForConnection" from "CORAL/Services/ConnectionService" )
[OVAL]Exception:No physical Read-Only connection for "CORAL-Oracle-sftnight/replica2" is available. ( CORAL : "ReplicaCatalogue::replicasForConnection" from "CORAL/Services/ConnectionService" )
[OVAL]Connection CORAL-Oracle-sftnight/replica3 was ok.
[OVAL] Success
