--- TEST ENVIRONMENT ---------------------------------------------------------

  qmtest.run.uname:
    Linux slc6pf01.cern.ch 2.6.32-431.1.2.el6.x86_64 #1 SMP Fri Dec 13 08:31:15 CET 2013 x86_64

  qmtest.run.username:
    avalassi

  qmtest.run.command_line:
    /afs/cern.ch/sw/lcg/app/releases/LCGCMT/LCGCMT_67a/LCG_Settings/../../../../../external/QMtest/2.4.1_python2.7/x86_64-slc6-gcc47-opt/bin/qmtest run -o /afs/cern.ch/sw/lcg/app/releases/COOL/COOL_2_9_1/src/logs/qmtest/x86_64-slc6-gcc47-opt.qmr cool

  qmtest.run.version:
    2.4.1

  qmtest.run.start_time:
    2014-01-30T15:01:57Z

  qmtest.run.end_time:
    2014-01-30T16:35:52Z

--- TEST RESULTS -------------------------------------------------------------

  coolkernel.folderspec                         : PASS    

  coolkernel.record                             : PASS    

  coolkernel.recordadapter                      : PASS    

  coolkernel.recordselection                    : PASS    

  pycool.import_pycool                          : PASS    

  pycool.channelselection                       : PASS    

  pycool.coralattributelist                     : PASS    

  pycool.coralblob                              : PASS    

  pycool.folderspecification                    : PASS    

  pycool.import_pycintex                        : PASS    

  pycool.import_root                            : PASS    

  pycool.mysql.channels                         : PASS    

  pycool.mysql.coolfunctionality                : UNTESTED
    Platform not supported.

  pycool.mysql.idatabase                        : PASS    

  pycool.mysql.idatabasesvc                     : PASS    

  pycool.mysql.ifolder                          : PASS    

  pycool.mysql.ifolderset                       : PASS    

  pycool.mysql.iobject                          : PASS    

  pycool.mysql.iobjectiterator                  : PASS    

  pycool.oracle.channels                        : PASS    

  pycool.oracle.coolfunctionality               : PASS    

  pycool.oracle.idatabase                       : PASS    

  pycool.oracle.idatabasesvc                    : PASS    

  pycool.oracle.ifolder                         : PASS    

  pycool.oracle.ifolderset                      : PASS    

  pycool.oracle.iobject                         : PASS    

  pycool.oracle.iobjectiterator                 : PASS    

  pycool.recordspecification                    : PASS    

  pycool.sqlite.channels                        : PASS    

  pycool.sqlite.coolfunctionality               : PASS    

  pycool.sqlite.idatabase                       : PASS    

  pycool.sqlite.idatabasesvc                    : PASS    

  pycool.sqlite.ifolder                         : PASS    

  pycool.sqlite.ifolderset                      : PASS    

  pycool.sqlite.iobject                         : PASS    

  pycool.sqlite.iobjectiterator                 : PASS    

  pycoolutilities.coral.mysql.regression        : UNTESTED
    Platform not supported.

  pycoolutilities.coral.oracle.regression       : PASS    

  pycoolutilities.frontier.regression           : PASS    

  pycoolutilities.frontier.regression_cache     : PASS    

  pycoolutilities.mysql.evolution_130           : UNTESTED
    Platform not supported.

  pycoolutilities.mysql.evolution_200           : UNTESTED
    Platform not supported.

  pycoolutilities.mysql.pycoolconsole           : PASS    

  pycoolutilities.mysql.pycoolcopy              : PASS    

  pycoolutilities.mysql.pycoolpayloader         : PASS    

  pycoolutilities.mysql.pycooltool              : PASS    

  pycoolutilities.mysql.regression              : PASS    

  pycoolutilities.mysql.replication             : PASS    

  pycoolutilities.oracle.evolution_130          : UNTESTED
    Platform not supported.

  pycoolutilities.oracle.evolution_200          : UNTESTED
    Platform not supported.

  pycoolutilities.oracle.pycoolconsole          : PASS    

  pycoolutilities.oracle.pycoolcopy             : PASS    

  pycoolutilities.oracle.pycoolpayloader        : PASS    

  pycoolutilities.oracle.pycooltool             : PASS    

  pycoolutilities.oracle.regression             : PASS    

  pycoolutilities.oracle.replication            : PASS    

  pycoolutilities.sqlite.evolution_130          : UNTESTED
    Platform not supported.

  pycoolutilities.sqlite.evolution_200          : UNTESTED
    Platform not supported.

  pycoolutilities.sqlite.pycoolconsole          : PASS    

  pycoolutilities.sqlite.pycoolcopy             : PASS    

  pycoolutilities.sqlite.pycoolpayloader        : PASS    

  pycoolutilities.sqlite.pycooltool             : PASS    

  pycoolutilities.sqlite.regression             : PASS    

  pycoolutilities.sqlite.replication            : PASS    

  relationalcool.channelselection               : PASS    

  relationalcool.hvspathhandler                 : PASS    

  relationalcool.mysql.channels                 : PASS    

  relationalcool.mysql.hvstags                  : UNTESTED
    Platform not supported.

  relationalcool.mysql.raldatabase              : PASS    

  relationalcool.mysql.raldatabase_extendedspec : UNTESTED
    Platform not supported.

  relationalcool.mysql.raldatabasesvc           : PASS    

  relationalcool.mysql.ralsequence              : PASS    

  relationalcool.mysql.relationalfolder         : UNTESTED
    Platform not supported.

  relationalcool.mysql.relationalfolderset      : PASS    

  relationalcool.mysql.relationalobjectiterator : PASS    

  relationalcool.mysql.relationalobjectmgr      : PASS    

  relationalcool.mysql.relationalobjectset      : PASS    

  relationalcool.mysql.relationalobjecttable    : PASS    

  relationalcool.objectid                       : PASS    

  relationalcool.oracle.channels                : PASS    

  relationalcool.oracle.hvstags                 : PASS    

  relationalcool.oracle.raldatabase             : PASS    

  relationalcool.oracle.raldatabase_extendedspec: PASS    

  relationalcool.oracle.raldatabasesvc          : PASS    

  relationalcool.oracle.ralsequence             : PASS    

  relationalcool.oracle.relationalfolder        : PASS    

  relationalcool.oracle.relationalfolderset     : PASS    

  relationalcool.oracle.relationalobjectiterator: PASS    

  relationalcool.oracle.relationalobjectmgr     : PASS    

  relationalcool.oracle.relationalobjectset     : PASS    

  relationalcool.oracle.relationalobjecttable   : PASS    

  relationalcool.payloadspecification           : PASS    

  relationalcool.relationaldatabaseid           : PASS    

  relationalcool.sqlite.channels                : PASS    

  relationalcool.sqlite.hvstags                 : PASS    

  relationalcool.sqlite.raldatabase             : PASS    

  relationalcool.sqlite.raldatabase_extendedspec: PASS    

  relationalcool.sqlite.raldatabasesvc          : PASS    

  relationalcool.sqlite.ralsequence             : PASS    

  relationalcool.sqlite.relationalfolder        : PASS    

  relationalcool.sqlite.relationalfolderset     : PASS    

  relationalcool.sqlite.relationalobjectiterator: PASS    

  relationalcool.sqlite.relationalobjectmgr     : PASS    

  relationalcool.sqlite.relationalobjectset     : PASS    

  relationalcool.sqlite.relationalobjecttable   : PASS    

  relationalcool.utility_methods                : PASS    

  relationalcool.versionnumber                  : PASS    

--- TESTS THAT DID NOT PASS (EXCLUDING UNTESTED TESTS) -----------------------


--- ENVIRONMENT --------------------------------------------------------------

HOST = slc6pf01.cern.ch
CMTCONFIG = x86_64-slc6-gcc47-opt
LCG_NGT_SLT_NAME = release
LCG_NGT_DAY_NAME = [not set]
CORAL_AUTH_PATH = /afs/cern.ch/user/a/avalassi/private
CORAL_DBLOOKUP_PATH = /afs/cern.ch/user/a/avalassi/private
TNS_ADMIN = /afs/cern.ch/sw/lcg/app/releases/LCGCMT/LCGCMT_67b/LCG_Settings/../../../../../external/oracle/11.2.0.3.0/x86_64-slc6-gcc47-opt/admin
hostname = slc6pf01.cern.ch

--- ENVIRONMENT: KERBEROS TICKETS --------------------------------------------

Ticket cache: FILE:/tmp/krb5cc_14546_vUaLs13052
Default principal: avalassi@CERN.CH

Valid starting     Expires            Service principal
01/30/14 15:20:45  01/31/14 04:41:59  krbtgt/CERN.CH@CERN.CH
	renew until 02/03/14 15:11:59
01/30/14 16:03:09  01/31/14 04:41:59  orasrv/itrac1023.cern.ch@CERN.CH
	renew until 02/03/14 15:11:59
01/30/14 18:49:46  01/31/14 04:41:59  host/lxsvn02.cern.ch@CERN.CH
	renew until 02/03/14 15:11:59
01/30/14 18:59:56  01/31/14 04:41:59  host/lxbsp0910.cern.ch@CERN.CH
	renew until 02/03/14 15:11:59
01/30/14 19:01:54  01/31/14 04:41:59  host/lxbrb1212.cern.ch@CERN.CH
	renew until 02/03/14 15:11:59
01/30/14 19:03:01  01/31/14 04:41:59  host/dbsrvd248.cern.ch@CERN.CH
	renew until 02/03/14 15:11:59
01/30/14 19:04:47  01/31/14 04:41:59  host/lxbsp0911.cern.ch@CERN.CH
	renew until 02/03/14 15:11:59
01/30/14 19:49:01  01/31/14 04:41:59  host/lxbrb1419.cern.ch@CERN.CH
	renew until 02/03/14 15:11:59
01/30/14 20:03:18  01/31/14 04:41:59  host/slc6pf01.cern.ch@CERN.CH
	renew until 02/03/14 15:11:59
01/30/14 21:35:21  01/31/14 04:41:59  host/lxbsp1306.cern.ch@CERN.CH
	renew until 02/03/14 15:11:59

--- ENVIRONMENT: AFS TOKENS --------------------------------------------------


Tokens held by the Cache Manager:

Tokens for afs@cern.ch [Expires Jan 31 04:41]
   --End of list--

--- STATISTICS ---------------------------------------------------------------

     107        tests total
      11 ( 10%) tests UNTESTED
      96 ( 90%) tests PASS

