--- TEST ENVIRONMENT ---------------------------------------------------------

  qmtest.run.uname:
     Linux lxmrra5001.cern.ch 2.6.18-371.1.2.el5 #1 SMP Wed Oct 23 09:43:01 CEST 2013 x86_64

  qmtest.run.username:
     avalassi

  qmtest.run.command_line:
     /afs/cern.ch/sw/lcg/external/QMtest/2.4.1_python2.6/i686-slc5-gcc43-opt/bin/qmtest run -o /home/avalassi/CORALSERVER_2_4_0_LCG61g/src/logs/qmtest/i686-slc5-gcc43-dbg.qmr unit_coralserver

  qmtest.run.version:
     2.4.1

  qmtest.run.start_time:
     2013-12-13T17:12:00Z

  qmtest.run.end_time:
     2013-12-13T17:13:02Z

--- TEST RESULTS -------------------------------------------------------------

  unit_coralserver.coralauthenticationservice_opensslcipher: PASS    

  unit_coralserver.coralauthenticationservice_querymgr: PASS    

  unit_coralserver.coralmonitor_csvstatsreporter: PASS    

  unit_coralserver.coralmonitor_monitorservice  : PASS    

  unit_coralserver.coralmonitor_serviceorder    : PASS    

  unit_coralserver.coralmonitor_statsmanager    : PASS    

  unit_coralserver.coralmonitor_statsset        : PASS    

  unit_coralserver.coralmonitor_statsstatic     : PASS    

  unit_coralserver.coralmonitor_stoptimer       : UNTESTED
    Platform not supported.

  unit_coralserver.coralmonitor_threadsafety    : PASS    

  unit_coralserver.coralserverbase_bytebuffer   : PASS    

  unit_coralserver.coralserverbase_calopcode    : PASS    

  unit_coralserver.coralserverbase_calpacket    : PASS    

  unit_coralserver.coralserverbase_coralserverproxyexception: PASS    

  unit_coralserver.coralserverbase_ctlpacket    : PASS    

  unit_coralserver.coralserverbase_stoptimer    : UNTESTED
    Platform not supported.

  unit_coralserver.coralserverproxy_packet      : PASS    

  unit_coralserver.coralsockets_dummyrequesthandler: PASS    

  unit_coralserver.coralsockets_packetsocket    : PASS    

  unit_coralserver.coralsockets_poll            : PASS    

  unit_coralserver.coralsockets_replymanager    : PASS    

  unit_coralserver.coralsockets_requestiterator : PASS    

  unit_coralserver.coralsockets_ringbuffersocket: PASS    

  unit_coralserver.coralsockets_socketcontext   : PASS    

  unit_coralserver.coralsockets_socketrequesthandler: PASS    

  unit_coralserver.coralsockets_socketthread    : PASS    

  unit_coralserver.coralsockets_sslsocket       : PASS    

  unit_coralserver.coralsockets_tcpsocket       : PASS    

  unit_coralserver.coralsockets_threadmanager   : PASS    

  unit_coralserver.coralstubs_allparts          : PASS    

  unit_coralserver.coralstubs_requesthandler    : PASS    

  unit_coralserver.coralstubs_streambuffer      : PASS    

--- TESTS THAT DID NOT PASS (EXCLUDING UNTESTED TESTS) -----------------------


--- ENVIRONMENT --------------------------------------------------------------

HOST = lxmrra5001.cern.ch
CMTCONFIG = i686-slc5-gcc43-dbg
LCG_NGT_SLT_NAME = release
LCG_NGT_DAY_NAME = [not set]
CORAL_AUTH_PATH = /afs/cern.ch/user/a/avalassi/private
CORAL_DBLOOKUP_PATH = /afs/cern.ch/user/a/avalassi/private
TNS_ADMIN = [not set]
hostname = lxmrra5001.cern.ch


--- STATISTICS ---------------------------------------------------------------

      32        tests total
       2 (  6%) tests UNTESTED
      30 ( 94%) tests PASS

