--- TEST ENVIRONMENT ---------------------------------------------------------

  qmtest.run.uname:
    Linux slc6pf01.cern.ch 2.6.32-431.11.2.el6.x86_64 #1 SMP Wed Mar 26 09:39:43 CET 2014 x86_64

  qmtest.run.username:
    avalassi

  qmtest.run.command_line:
    /afs/cern.ch/sw/lcg/app/releases/LCGCMT/LCGCMT_67b/LCG_Settings/../../../../../external/QMtest/2.4.1_python2.7/x86_64-slc6-gcc47-opt/bin/qmtest run -o /home/avalassi/CORAL/CORAL_ATLAS/src/logs/qmtest/x86_64-slc6-gcc47-opt.qmr

  qmtest.run.version:
    2.4.1

  qmtest.run.start_time:
    2014-06-11T15:00:32Z

  qmtest.run.end_time:
    2014-06-11T15:19:14Z

--- TEST RESULTS -------------------------------------------------------------

  integration.aliasessynonyms_mysql             : UNTESTED
    Platform not supported.

  integration.aliasessynonyms_mysql-coral       : UNTESTED
    Platform not supported.

  integration.aliasessynonyms_oracle            : PASS    

  integration.aliasessynonyms_oracle-coral      : PASS    

  integration.aliasessynonyms_oracle-frontier   : UNTESTED
    Platform not supported.

  integration.aliasessynonyms_sqlite            : UNTESTED
    Platform not supported.

  integration.basic_mysql                       : UNTESTED
    Platform not supported.

  integration.basic_mysql-coral                 : UNTESTED
    Platform not supported.

  integration.basic_oracle                      : PASS    

  integration.basic_oracle-coral                : PASS    

  integration.basic_oracle-frontier             : PASS    

  integration.basic_sqlite                      : PASS    

  integration.connectionservice_cleanuppool_mysql: UNTESTED
    Platform not supported.

  integration.connectionservice_cleanuppool_mysql-coral: UNTESTED
    Platform not supported.

  integration.connectionservice_cleanuppool_oracle: UNTESTED
    Platform not supported.

  integration.connectionservice_cleanuppool_oracle-coral: UNTESTED
    Platform not supported.

  integration.connectionservice_cleanuppool_oracle-frontier: UNTESTED
    Platform not supported.

  integration.connectionservice_cleanuppool_sqlite: UNTESTED
    Platform not supported.

  integration.connectionservice_connectionpool_mysql: UNTESTED
    Platform not supported.

  integration.connectionservice_connectionpool_mysql-coral: UNTESTED
    Platform not supported.

  integration.connectionservice_connectionpool_oracle: UNTESTED
    Platform not supported.

  integration.connectionservice_connectionpool_oracle-coral: UNTESTED
    Platform not supported.

  integration.connectionservice_connectionpool_oracle-frontier: UNTESTED
    Platform not supported.

  integration.connectionservice_connectionpool_sqlite: UNTESTED
    Platform not supported.

  integration.connectionservice_mysql           : UNTESTED
    Platform not supported.

  integration.connectionservice_mysql-coral     : UNTESTED
    Platform not supported.

  integration.connectionservice_oracle          : UNTESTED
    Platform not supported.

  integration.connectionservice_oracle-coral    : UNTESTED
    Platform not supported.

  integration.connectionservice_oracle-frontier : UNTESTED
    Platform not supported.

  integration.connectionservice_replicaexcluding_mysql: UNTESTED
    Platform not supported.

  integration.connectionservice_replicaexcluding_mysql-coral: UNTESTED
    Platform not supported.

  integration.connectionservice_replicaexcluding_oracle: UNTESTED
    Platform not supported.

  integration.connectionservice_replicaexcluding_oracle-coral: UNTESTED
    Platform not supported.

  integration.connectionservice_replicaexcluding_oracle-frontier: UNTESTED
    Platform not supported.

  integration.connectionservice_replicaexcluding_sqlite: UNTESTED
    Platform not supported.

  integration.connectionservice_replicahandling_mysql: UNTESTED
    Platform not supported.

  integration.connectionservice_replicahandling_mysql-coral: UNTESTED
    Platform not supported.

  integration.connectionservice_replicahandling_oracle: UNTESTED
    Platform not supported.

  integration.connectionservice_replicahandling_oracle-coral: UNTESTED
    Platform not supported.

  integration.connectionservice_replicahandling_oracle-frontier: UNTESTED
    Platform not supported.

  integration.connectionservice_replicahandling_sqlite: UNTESTED
    Platform not supported.

  integration.connectionservice_replicasorting_mysql: UNTESTED
    Platform not supported.

  integration.connectionservice_replicasorting_mysql-coral: UNTESTED
    Platform not supported.

  integration.connectionservice_replicasorting_oracle: UNTESTED
    Platform not supported.

  integration.connectionservice_replicasorting_oracle-coral: UNTESTED
    Platform not supported.

  integration.connectionservice_replicasorting_oracle-frontier: UNTESTED
    Platform not supported.

  integration.connectionservice_replicasorting_sqlite: UNTESTED
    Platform not supported.

  integration.connectionservice_sessionsharing_mysql: UNTESTED
    Platform not supported.

  integration.connectionservice_sessionsharing_mysql-coral: UNTESTED
    Platform not supported.

  integration.connectionservice_sessionsharing_oracle: UNTESTED
    Platform not supported.

  integration.connectionservice_sessionsharing_oracle-coral: UNTESTED
    Platform not supported.

  integration.connectionservice_sessionsharing_oracle-frontier: UNTESTED
    Platform not supported.

  integration.connectionservice_sessionsharing_sqlite: UNTESTED
    Platform not supported.

  integration.connectionservice_simplefailover_mysql: UNTESTED
    Platform not supported.

  integration.connectionservice_simplefailover_mysql-coral: UNTESTED
    Platform not supported.

  integration.connectionservice_simplefailover_oracle: UNTESTED
    Platform not supported.

  integration.connectionservice_simplefailover_oracle-coral: UNTESTED
    Platform not supported.

  integration.connectionservice_simplefailover_oracle-frontier: UNTESTED
    Platform not supported.

  integration.connectionservice_simplefailover_sqlite: UNTESTED
    Platform not supported.

  integration.connectionservice_sqlite          : UNTESTED
    Platform not supported.

  integration.connectionservice_sqliteconnection_mysql: UNTESTED
    Platform not supported.

  integration.connectionservice_sqliteconnection_mysql-coral: UNTESTED
    Platform not supported.

  integration.connectionservice_sqliteconnection_oracle: UNTESTED
    Platform not supported.

  integration.connectionservice_sqliteconnection_oracle-coral: UNTESTED
    Platform not supported.

  integration.connectionservice_sqliteconnection_oracle-frontier: UNTESTED
    Platform not supported.

  integration.connectionservice_sqliteconnection_sqlite: UNTESTED
    Platform not supported.

  integration.connectionservice_sqlitefailover_mysql: UNTESTED
    Platform not supported.

  integration.connectionservice_sqlitefailover_mysql-coral: UNTESTED
    Platform not supported.

  integration.connectionservice_sqlitefailover_oracle: UNTESTED
    Platform not supported.

  integration.connectionservice_sqlitefailover_oracle-coral: UNTESTED
    Platform not supported.

  integration.connectionservice_sqlitefailover_oracle-frontier: UNTESTED
    Platform not supported.

  integration.connectionservice_sqlitefailover_sqlite: UNTESTED
    Platform not supported.

  integration.connectionservice_switchschema_mysql: UNTESTED
    Platform not supported.

  integration.connectionservice_switchschema_mysql-coral: UNTESTED
    Platform not supported.

  integration.connectionservice_switchschema_oracle: UNTESTED
    Platform not supported.

  integration.connectionservice_switchschema_oracle-coral: UNTESTED
    Platform not supported.

  integration.connectionservice_switchschema_oracle-frontier: UNTESTED
    Platform not supported.

  integration.connectionservice_switchschema_sqlite: UNTESTED
    Platform not supported.

  integration.connectionservice_timerbasic_mysql: UNTESTED
    Platform not supported.

  integration.connectionservice_timerbasic_mysql-coral: UNTESTED
    Platform not supported.

  integration.connectionservice_timerbasic_oracle: UNTESTED
    Platform not supported.

  integration.connectionservice_timerbasic_oracle-coral: UNTESTED
    Platform not supported.

  integration.connectionservice_timerbasic_oracle-frontier: UNTESTED
    Platform not supported.

  integration.connectionservice_timerbasic_sqlite: UNTESTED
    Platform not supported.

  integration.inputoutput_mysql                 : UNTESTED
    Platform not supported.

  integration.inputoutput_mysql-coral           : UNTESTED
    Platform not supported.

  integration.inputoutput_oracle                : PASS    

  integration.inputoutput_oracle-coral          : UNTESTED
    Platform not supported.

  integration.inputoutput_oracle-frontier       : PASS    

  integration.inputoutput_sqlite                : UNTESTED
    Platform not supported.

  integration.invalidreferences_mysql           : PASS    

  integration.invalidreferences_mysql-coral     : UNTESTED
    Platform not supported.

  integration.invalidreferences_oracle          : PASS    

  integration.invalidreferences_oracle-coral    : PASS    

  integration.invalidreferences_oracle-frontier : PASS    

  integration.invalidreferences_sqlite          : PASS    

  integration.lfcreplicaservice_mysql           : UNTESTED
    Platform not supported.

  integration.lfcreplicaservice_mysql-coral     : UNTESTED
    Platform not supported.

  integration.lfcreplicaservice_oracle          : UNTESTED
    Platform not supported.

  integration.lfcreplicaservice_oracle-coral    : UNTESTED
    Platform not supported.

  integration.lfcreplicaservice_oracle-frontier : UNTESTED
    Platform not supported.

  integration.lfcreplicaservice_sqlite          : UNTESTED
    Platform not supported.

  integration.lookupservice_mysql               : PASS    

  integration.lookupservice_mysql-coral         : UNTESTED
    Platform not supported.

  integration.lookupservice_oracle              : PASS    

  integration.lookupservice_oracle-coral        : UNTESTED
    Platform not supported.

  integration.lookupservice_oracle-frontier     : PASS    

  integration.lookupservice_sqlite              : PASS    

  integration.miscellaneousbugs_mysql           : PASS    

  integration.miscellaneousbugs_mysql-coral     : UNTESTED
    Platform not supported.

  integration.miscellaneousbugs_oracle          : PASS    

  integration.miscellaneousbugs_oracle-coral    : UNTESTED
    Platform not supported.

  integration.miscellaneousbugs_oracle-frontier : PASS    

  integration.miscellaneousbugs_sqlite          : PASS    

  integration.monitoring_mysql                  : UNTESTED
    Platform not supported.

  integration.monitoring_mysql-coral            : UNTESTED
    Platform not supported.

  integration.monitoring_oracle                 : PASS    

  integration.monitoring_oracle-coral           : UNTESTED
    Platform not supported.

  integration.monitoring_oracle-frontier        : PASS    

  integration.monitoring_sqlite                 : UNTESTED
    Platform not supported.

  integration.monitoringservice_mysql           : UNTESTED
    Platform not supported.

  integration.monitoringservice_mysql-coral     : UNTESTED
    Platform not supported.

  integration.monitoringservice_oracle          : PASS    

  integration.monitoringservice_oracle-coral    : UNTESTED
    Platform not supported.

  integration.monitoringservice_oracle-frontier : PASS    

  integration.monitoringservice_sqlite          : PASS    

  integration.multithreading_mysql              : PASS    

  integration.multithreading_mysql-coral        : UNTESTED
    Platform not supported.

  integration.multithreading_oracle             : PASS    

  integration.multithreading_oracle-coral       : PASS    

  integration.multithreading_oracle-frontier    : UNTESTED
    Platform not supported.

  integration.multithreading_sqlite             : UNTESTED
    Platform not supported.

  integration.objectconsistency_mysql           : UNTESTED
    Platform not supported.

  integration.objectconsistency_mysql-coral     : UNTESTED
    Platform not supported.

  integration.objectconsistency_oracle          : PASS    

  integration.objectconsistency_oracle-coral    : UNTESTED
    Platform not supported.

  integration.objectconsistency_oracle-frontier : UNTESTED
    Platform not supported.

  integration.objectconsistency_sqlite          : UNTESTED
    Platform not supported.

  integration.quotes_mysql                      : PASS    

  integration.quotes_mysql-coral                : UNTESTED
    Platform not supported.

  integration.quotes_oracle                     : PASS    

  integration.quotes_oracle-coral               : PASS    

  integration.quotes_oracle-frontier            : PASS    

  integration.quotes_sqlite                     : PASS    

  integration.randomcycler_mysql                : UNTESTED
    Platform not supported.

  integration.randomcycler_mysql-coral          : UNTESTED
    Platform not supported.

  integration.randomcycler_oracle               : PASS    

  integration.randomcycler_oracle-coral         : PASS    

  integration.randomcycler_oracle-frontier      : UNTESTED
    Platform not supported.

  integration.randomcycler_sqlite               : UNTESTED
    Platform not supported.

  integration.retryandfailover_mysql            : UNTESTED
    Platform not supported.

  integration.retryandfailover_mysql-coral      : UNTESTED
    Platform not supported.

  integration.retryandfailover_oracle           : UNTESTED
    Platform not supported.

  integration.retryandfailover_oracle-coral     : UNTESTED
    Platform not supported.

  integration.retryandfailover_oracle-frontier  : UNTESTED
    Platform not supported.

  integration.retryandfailover_sqlite           : UNTESTED
    Platform not supported.

  integration.sessionsinmultiplethreads_mysql   : UNTESTED
    Platform not supported.

  integration.sessionsinmultiplethreads_mysql-coral: UNTESTED
    Platform not supported.

  integration.sessionsinmultiplethreads_oracle  : UNTESTED
    Platform not supported.

  integration.sessionsinmultiplethreads_oracle-coral: UNTESTED
    Platform not supported.

  integration.sessionsinmultiplethreads_oracle-frontier: UNTESTED
    Platform not supported.

  integration.sessionsinmultiplethreads_sqlite  : UNTESTED
    Platform not supported.

  integration.specificfrontier_mysql            : PASS    

  integration.specificfrontier_mysql-coral      : UNTESTED
    Platform not supported.

  integration.specificfrontier_oracle           : PASS    

  integration.specificfrontier_oracle-coral     : UNTESTED
    Platform not supported.

  integration.specificfrontier_oracle-frontier  : PASS    

  integration.specificfrontier_sqlite           : PASS    

  integration.storedprocedures_mysql            : UNTESTED
    Platform not supported.

  integration.storedprocedures_mysql-coral      : UNTESTED
    Platform not supported.

  integration.storedprocedures_oracle           : UNTESTED
    Platform not supported.

  integration.storedprocedures_oracle-coral     : UNTESTED
    Platform not supported.

  integration.storedprocedures_oracle-frontier  : UNTESTED
    Platform not supported.

  integration.storedprocedures_sqlite           : UNTESTED
    Platform not supported.

  integration.writeread_mysql                   : UNTESTED
    Platform not supported.

  integration.writeread_mysql-coral             : UNTESTED
    Platform not supported.

  integration.writeread_oracle                  : PASS    

  integration.writeread_oracle-coral            : PASS    

  integration.writeread_oracle-frontier         : PASS    

  integration.writeread_sqlite                  : PASS    

  pycoral.importpycoral                         : PASS    

  pycoral.networkglitch                         : PASS    

  pycoral_integration.basic_mysql               : PASS    

  pycoral_integration.basic_mysql-coral         : UNTESTED
    Platform not supported.

  pycoral_integration.basic_oracle              : PASS    

  pycoral_integration.basic_oracle-coral        : PASS    

  pycoral_integration.basic_oracle-frontier     : PASS    

  pycoral_integration.basic_sqlite              : PASS    

  pycoral_integration.miscellaneousbugs_mysql   : PASS    

  pycoral_integration.miscellaneousbugs_mysql-coral: UNTESTED
    Platform not supported.

  pycoral_integration.miscellaneousbugs_oracle  : PASS    

  pycoral_integration.miscellaneousbugs_oracle-coral: UNTESTED
    Platform not supported.

  pycoral_integration.miscellaneousbugs_oracle-frontier: UNTESTED
    Platform not supported.

  pycoral_integration.miscellaneousbugs_sqlite  : PASS    

  unit.connectionservice_connection             : PASS    

  unit.coralbase_blobreadwrite                  : PASS    

  unit.coralbase_coralbasetest                  : PASS    

  unit.coralbase_cppunitexample                 : PASS    

  unit.coralbase_datatypebug                    : UNTESTED
    Platform not supported.

  unit.coralbase_date                           : PASS    

  unit.coralbase_messagestream                  : PASS    

  unit.coralbase_timestamp                      : PASS    

  unit.coralcommon_monitoringevent              : PASS    

  unit.coralcommon_simpleexpressionparser       : PASS    

  unit.coralcommon_timer                        : PASS    

  unit.coralcommon_uriparser                    : PASS    

  unit.coralkernel_coralkerneltest              : PASS    

  unit.coralkernel_externalpluginmanager        : PASS    

  unit.coralkernel_pluginlist                   : PASS    

  unit.coralkernel_pluginmanager                : PASS    

  unit.coralkernel_propertymanager              : PASS    

  unit.environmentauthenticationservice_loadservice: PASS    

  unit.frontieraccess_cmsnewfrontier            : UNTESTED
    Platform not supported.

  unit.frontieraccess_monitorcontroller         : UNTESTED
    Platform not supported.

  unit.frontieraccess_multipleschemas           : UNTESTED
    Platform not supported.

  unit.frontieraccess_schema                    : UNTESTED
    Platform not supported.

  unit.frontieraccess_segfault                  : UNTESTED
    Platform not supported.

  unit.frontieraccess_simplequeries             : UNTESTED
    Platform not supported.

  unit.frontieraccess_testalias                 : UNTESTED
    Platform not supported.

  unit.lfcreplicaservice_fullservice            : UNTESTED
    Platform not supported.

  unit.monitoringservice_report                 : PASS    

  unit.mysqlaccess_bulkinserts                  : UNTESTED
    Platform not supported.

  unit.mysqlaccess_connection                   : UNTESTED
    Platform not supported.

  unit.mysqlaccess_dataeditor                   : UNTESTED
    Platform not supported.

  unit.mysqlaccess_multipleschemas              : UNTESTED
    Platform not supported.

  unit.mysqlaccess_nipp                         : PASS    

  unit.mysqlaccess_schema                       : UNTESTED
    Platform not supported.

  unit.mysqlaccess_schemacopy                   : UNTESTED
    Platform not supported.

  unit.mysqlaccess_segfault                     : UNTESTED
    Platform not supported.

  unit.mysqlaccess_showcreatetableparser        : PASS    

  unit.mysqlaccess_simplequeries                : UNTESTED
    Platform not supported.

  unit.mysqlaccess_test40                       : UNTESTED
    Platform not supported.

  unit.mysqlaccess_testalias                    : UNTESTED
    Platform not supported.

  unit.oracleaccess_bulkinserts                 : PASS    

  unit.oracleaccess_connection                  : PASS    

  unit.oracleaccess_datadictionary              : PASS    

  unit.oracleaccess_dataeditor                  : PASS    

  unit.oracleaccess_dateandtime                 : PASS    

  unit.oracleaccess_dual                        : PASS    

  unit.oracleaccess_groupby                     : PASS    

  unit.oracleaccess_multipleschemas             : PASS    

  unit.oracleaccess_multiplesessions            : PASS    

  unit.oracleaccess_multithreading              : PASS    

  unit.oracleaccess_schema                      : PASS    

  unit.oracleaccess_simplequeries               : PASS    

  unit.oracleaccess_views                       : PASS    

  unit.relationalaccess_tabledescription        : PASS    

  unit.relationalservice_loadservice            : PASS    

  unit.sqliteaccess_bulkinserts                 : PASS    

  unit.sqliteaccess_bulkoperations              : PASS    

  unit.sqliteaccess_createlistdrop              : PASS    

  unit.sqliteaccess_dataeditor                  : PASS    

  unit.sqliteaccess_dateandtime                 : PASS    

  unit.sqliteaccess_describetable               : PASS    

  unit.sqliteaccess_expressionparser            : PASS    

  unit.sqliteaccess_queriesinsingletable        : PASS    

  unit.sqliteaccess_querieswithmultipletables   : PASS    

  unit.sqliteaccess_schemaeditor                : PASS    

  unit.sqliteaccess_uint32order                 : PASS    

  unit.sqliteaccess_views                       : PASS    

  unit.xmlauthenticationservice_loadservice     : UNTESTED
    Platform not supported.

  unit.xmllookupservice_loadservice             : UNTESTED
    Platform not supported.

  unit_coralserver.coralauthenticationservice_opensslcipher: PASS    

  unit_coralserver.coralauthenticationservice_querymgr: PASS    

  unit_coralserver.coralmonitor_csvstatsreporter: PASS    

  unit_coralserver.coralmonitor_monitorservice  : PASS    

  unit_coralserver.coralmonitor_serviceorder    : PASS    

  unit_coralserver.coralmonitor_statsmanager    : PASS    

  unit_coralserver.coralmonitor_statsset        : PASS    

  unit_coralserver.coralmonitor_statsstatic     : PASS    

  unit_coralserver.coralmonitor_stoptimer       : UNTESTED
    Platform not supported.

  unit_coralserver.coralmonitor_threadsafety    : PASS    

  unit_coralserver.coralserverbase_bytebuffer   : PASS    

  unit_coralserver.coralserverbase_calopcode    : PASS    

  unit_coralserver.coralserverbase_calpacket    : PASS    

  unit_coralserver.coralserverbase_coralserverproxyexception: PASS    

  unit_coralserver.coralserverbase_ctlpacket    : PASS    

  unit_coralserver.coralserverbase_stoptimer    : UNTESTED
    Platform not supported.

  unit_coralserver.coralserverproxy_packet      : PASS    

  unit_coralserver.coralsockets_dummyrequesthandler: PASS    

  unit_coralserver.coralsockets_packetsocket    : PASS    

  unit_coralserver.coralsockets_poll            : PASS    

  unit_coralserver.coralsockets_replymanager    : PASS    

  unit_coralserver.coralsockets_requestiterator : PASS    

  unit_coralserver.coralsockets_ringbuffersocket: PASS    

  unit_coralserver.coralsockets_socketcontext   : PASS    

  unit_coralserver.coralsockets_socketrequesthandler: PASS    

  unit_coralserver.coralsockets_socketthread    : PASS    

  unit_coralserver.coralsockets_sslsocket       : PASS    

  unit_coralserver.coralsockets_tcpsocket       : PASS    

  unit_coralserver.coralsockets_threadmanager   : PASS    

  unit_coralserver.coralstubs_allparts          : PASS    

  unit_coralserver.coralstubs_requesthandler    : PASS    

  unit_coralserver.coralstubs_streambuffer      : PASS    

--- TESTS THAT DID NOT PASS (EXCLUDING UNTESTED TESTS) -----------------------


--- ENVIRONMENT --------------------------------------------------------------

HOST = slc6pf01.cern.ch
CMTCONFIG = x86_64-slc6-gcc47-opt
LCG_NGT_SLT_NAME = dev2
LCG_NGT_DAY_NAME = Tue
CORAL_AUTH_PATH = /afs/cern.ch/user/a/avalassi/private
CORAL_DBLOOKUP_PATH = /afs/cern.ch/user/a/avalassi/private
TNS_ADMIN = /afs/cern.ch/sw/lcg/app/releases/LCGCMT/LCGCMT_67b/LCG_Settings/../../../../../external/oracle/11.2.0.3.0/x86_64-slc6-gcc47-opt/admin
hostname = slc6pf01.cern.ch

--- ENVIRONMENT: KERBEROS TICKETS --------------------------------------------

Ticket cache: FILE:/tmp/krb5cc_14546_NYltr15181
Default principal: avalassi@CERN.CH

Valid starting     Expires            Service principal
06/11/14 07:31:44  06/12/14 08:31:44  krbtgt/CERN.CH@CERN.CH
	renew until 06/16/14 07:31:44
06/11/14 07:31:49  06/12/14 08:31:44  afs/cern.ch@CERN.CH
	renew until 06/16/14 07:31:44
06/11/14 07:37:48  06/12/14 08:31:44  host/lxbsp1306.cern.ch@CERN.CH
	renew until 06/16/14 07:31:44
06/11/14 08:01:24  06/12/14 08:31:44  host/dbsrvd248.cern.ch@CERN.CH
	renew until 06/16/14 07:31:44
06/11/14 08:05:15  06/12/14 08:31:44  host/lxbsp0910.cern.ch@CERN.CH
	renew until 06/16/14 07:31:44
06/11/14 09:11:47  06/12/14 08:31:44  host/dbsrvd245.cern.ch@CERN.CH
	renew until 06/16/14 07:31:44
06/11/14 09:15:43  06/12/14 08:31:44  host/lxbsp0911.cern.ch@CERN.CH
	renew until 06/16/14 07:31:44
06/11/14 09:30:34  06/12/14 08:31:44  host/dbsrvd247.cern.ch@CERN.CH
	renew until 06/16/14 07:31:44
06/11/14 09:33:01  06/12/14 08:31:44  host/dbsrvd246.cern.ch@CERN.CH
	renew until 06/16/14 07:31:44
06/11/14 10:45:18  06/12/14 08:31:44  host/lxsvn02.cern.ch@CERN.CH
	renew until 06/16/14 07:31:44
06/11/14 10:50:57  06/12/14 08:31:44  host/lxbrb1212.cern.ch@CERN.CH
	renew until 06/16/14 07:31:44
06/11/14 10:55:07  06/12/14 08:31:44  host/lxbrb1419.cern.ch@CERN.CH
	renew until 06/16/14 07:31:44
06/11/14 11:24:01  06/12/14 08:31:44  host/slc5pf02.cern.ch@CERN.CH
	renew until 06/16/14 07:31:44
06/11/14 12:49:07  06/12/14 08:31:44  orasrv/itrac1023.cern.ch@CERN.CH
	renew until 06/16/14 07:31:44
06/11/14 15:17:13  06/12/14 08:31:44  host/lxbrb1210.cern.ch@CERN.CH
	renew until 06/16/14 07:31:44
06/11/14 16:20:56  06/12/14 08:31:44  host/slc6pf01.cern.ch@CERN.CH
	renew until 06/16/14 07:31:44

--- ENVIRONMENT: AFS TOKENS --------------------------------------------------


Tokens held by the Cache Manager:

User's (AFS ID 14546) tokens for afs@cern.ch [Expires Jun 12 08:31]
   --End of list--

--- STATISTICS ---------------------------------------------------------------

     294        tests total
     162 ( 55%) tests UNTESTED
     132 ( 45%) tests PASS

